#
# There is insufficient memory for the Java Runtime Environment to continue.
# Native memory allocation (mmap) failed to map 536870912 bytes for G1 virtual space
# Possible reasons:
#   The system is out of physical RAM or swap space
#   The process is running with CompressedOops enabled, and the Java Heap may be blocking the growth of the native heap
# Possible solutions:
#   Reduce memory load on the system
#   Increase physical memory or swap space
#   Check if swap backing store is full
#   Decrease Java heap size (-Xmx/-Xms)
#   Decrease number of Java threads
#   Decrease Java thread stack sizes (-Xss)
#   Set larger code cache with -XX:ReservedCodeCacheSize=
#   JVM is running with Zero Based Compressed Oops mode in which the Java heap is
#     placed in the first 32GB address space. The Java Heap base address is the
#     maximum limit for the native heap growth. Please use -XX:HeapBaseMinAddress
#     to set the Java Heap base and to place the Java Heap above 32GB virtual address.
# This output file may be truncated or incomplete.
#
#  Out of Memory Error (os_windows.cpp:3825), pid=15684, tid=12864
#
# JRE version:  (17.0.10+1) (build )
# Java VM: OpenJDK 64-Bit Server VM (17.0.10+1-b1207.14, mixed mode, sharing, tiered, compressed oops, compressed class ptrs, g1 gc, windows-amd64)
# No core dump will be written. Minidumps are not enabled by default on client versions of Windows
#

---------------  S U M M A R Y ------------

Command Line: git4idea.http.GitAskPassApp Username for 'https://github.com': 

Host: AMD Ryzen 3 2200G with Radeon Vega Graphics    , 4 cores, 31G,  Windows 10 , 64 bit Build 19041 (10.0.19041.5198)
Time: Mon Jan 27 20:42:34 2025 Paris, Madrid elapsed time: 0.020284 seconds (0d 0h 0m 0s)

---------------  T H R E A D  ---------------

Current thread (0x0000016491124220):  JavaThread "Unknown thread" [_thread_in_vm, id=12864, stack(0x0000000c3ca00000,0x0000000c3cb00000)]

Stack: [0x0000000c3ca00000,0x0000000c3cb00000]
Native frames: (J=compiled Java code, j=interpreted, Vv=VM code, C=native code)
V  [jvm.dll+0x687989]
V  [jvm.dll+0x84116a]
V  [jvm.dll+0x842dae]
V  [jvm.dll+0x843413]
V  [jvm.dll+0x249ccf]
V  [jvm.dll+0x684759]
V  [jvm.dll+0x67900a]
V  [jvm.dll+0x30ab0b]
V  [jvm.dll+0x311fb6]
V  [jvm.dll+0x361d5e]
V  [jvm.dll+0x361f8f]
V  [jvm.dll+0x2e07f8]
V  [jvm.dll+0x2e1764]
V  [jvm.dll+0x811c31]
V  [jvm.dll+0x36fc11]
V  [jvm.dll+0x7f0666]
V  [jvm.dll+0x3f3daf]
V  [jvm.dll+0x3f5a41]
C  [jli.dll+0x528f]
C  [ucrtbase.dll+0x21bb2]
C  [KERNEL32.DLL+0x17374]
C  [ntdll.dll+0x4cc91]


---------------  P R O C E S S  ---------------

Threads class SMR info:
_java_thread_list=0x00007ff81dfedf58, length=0, elements={
}

Java Threads: ( => current thread )

Other Threads:
  0x00000164911cfdf0 GCTaskThread "GC Thread#0" [stack: 0x0000000c3cb00000,0x0000000c3cc00000] [id=13952]
  0x00000164b6844070 ConcurrentGCThread "G1 Main Marker" [stack: 0x0000000c3cc00000,0x0000000c3cd00000] [id=19076]
  0x00000164b6844a90 ConcurrentGCThread "G1 Conc#0" [stack: 0x0000000c3cd00000,0x0000000c3ce00000] [id=16988]

[error occurred during error reporting (printing all threads), id 0xc0000005, EXCEPTION_ACCESS_VIOLATION (0xc0000005) at pc=0x00007ff81d7a13c7]

VM state: not at safepoint (not fully initialized)

VM Mutex/Monitor currently owned by a thread:  ([mutex/lock_event])
[0x000001649111fe70] Heap_lock - owner thread: 0x0000016491124220

Heap address: 0x0000000600c00000, size: 8180 MB, Compressed Oops mode: Zero based, Oop shift amount: 3

CDS archive(s) mapped at: [0x0000000000000000-0x0000000000000000-0x0000000000000000), size 0, SharedBaseAddress: 0x0000000800000000, ArchiveRelocationMode: 1.
Narrow klass base: 0x0000000000000000, Narrow klass shift: 0, Narrow klass range: 0x0

GC Precious Log:
<Empty>

Heap:
 garbage-first heap   total 0K, used 0K [0x0000000600c00000, 0x0000000800000000)
  region size 4096K, 0 young (0K), 0 survivors (0K)
 Metaspace       used 0K, committed 0K, reserved 0K
  class space    used 0K, committed 0K, reserved 0K

Heap Regions: E=young(eden), S=young(survivor), O=old, HS=humongous(starts), HC=humongous(continues), CS=collection set, F=free, OA=open archive, CA=closed archive, TAMS=top-at-mark-start (previous, next)

Card table byte_map: [0x00000164a48a0000,0x00000164a58a0000] _byte_map_base: 0x00000164a189a000

Marking Bits (Prev, Next): (CMBitMap*) 0x00000164911d0410, (CMBitMap*) 0x00000164911d0450
 Prev Bits: [0x00000164a68a0000, 0x00000164ae870000)
 Next Bits: [0x00000164ae870000, 0x00000164b6840000)

GC Heap History (0 events):
No events

Dll operation events (1 events):
Event: 0.011 Loaded shared library C:\Users\Brookimaki\AppData\Local\Programs\WebStorm\jbr\bin\java.dll

Deoptimization events (0 events):
No events

Classes unloaded (0 events):
No events

Classes redefined (0 events):
No events

Internal exceptions (0 events):
No events

VM Operations (0 events):
No events

Events (0 events):
No events


Dynamic libraries:
0x00007ff6ba490000 - 0x00007ff6ba49a000 	C:\Users\Brookimaki\AppData\Local\Programs\WebStorm\jbr\bin\java.exe
0x00007ff8dfa50000 - 0x00007ff8dfc48000 	C:\Windows\SYSTEM32\ntdll.dll
0x00007ff8ddc20000 - 0x00007ff8ddce2000 	C:\Windows\System32\KERNEL32.DLL
0x00007ff8dd530000 - 0x00007ff8dd82f000 	C:\Windows\System32\KERNELBASE.dll
0x00007ff8dd0e0000 - 0x00007ff8dd1e0000 	C:\Windows\System32\ucrtbase.dll
0x00007ff8b1430000 - 0x00007ff8b1447000 	C:\Users\Brookimaki\AppData\Local\Programs\WebStorm\jbr\bin\jli.dll
0x00007ff8ddeb0000 - 0x00007ff8de04d000 	C:\Windows\System32\USER32.dll
0x00007ff8dd950000 - 0x00007ff8dd972000 	C:\Windows\System32\win32u.dll
0x00007ff8dea10000 - 0x00007ff8dea3b000 	C:\Windows\System32\GDI32.dll
0x00007ff8dd830000 - 0x00007ff8dd947000 	C:\Windows\System32\gdi32full.dll
0x00007ff8dd1e0000 - 0x00007ff8dd27d000 	C:\Windows\System32\msvcp_win.dll
0x00007ff8c2bc0000 - 0x00007ff8c2bdb000 	C:\Users\Brookimaki\AppData\Local\Programs\WebStorm\jbr\bin\VCRUNTIME140.dll
0x00007ff8c1c90000 - 0x00007ff8c1f2a000 	C:\Windows\WinSxS\amd64_microsoft.windows.common-controls_6595b64144ccf1df_6.0.19041.4355_none_60b8b9eb71f62e16\COMCTL32.dll
0x00007ff8dda90000 - 0x00007ff8ddb2e000 	C:\Windows\System32\msvcrt.dll
0x00007ff8dda60000 - 0x00007ff8dda8f000 	C:\Windows\System32\IMM32.DLL
0x00007ff8d77b0000 - 0x00007ff8d77bc000 	C:\Users\Brookimaki\AppData\Local\Programs\WebStorm\jbr\bin\vcruntime140_1.dll
0x00007ff895c30000 - 0x00007ff895cbd000 	C:\Users\Brookimaki\AppData\Local\Programs\WebStorm\jbr\bin\msvcp140.dll
0x00007ff81d4b0000 - 0x00007ff81e132000 	C:\Users\Brookimaki\AppData\Local\Programs\WebStorm\jbr\bin\server\jvm.dll
0x00007ff8de3e0000 - 0x00007ff8de491000 	C:\Windows\System32\ADVAPI32.dll
0x00007ff8deb20000 - 0x00007ff8debbf000 	C:\Windows\System32\sechost.dll
0x00007ff8ddd60000 - 0x00007ff8dde83000 	C:\Windows\System32\RPCRT4.dll
0x00007ff8dd450000 - 0x00007ff8dd477000 	C:\Windows\System32\bcrypt.dll
0x00007ff8dc830000 - 0x00007ff8dc87b000 	C:\Windows\SYSTEM32\POWRPROF.dll
0x00007ff8d7c30000 - 0x00007ff8d7c39000 	C:\Windows\SYSTEM32\WSOCK32.dll
0x00007ff8ddcf0000 - 0x00007ff8ddd5b000 	C:\Windows\System32\WS2_32.dll
0x00007ff8ce0f0000 - 0x00007ff8ce117000 	C:\Windows\SYSTEM32\WINMM.dll
0x00007ff8d4ee0000 - 0x00007ff8d4eea000 	C:\Windows\SYSTEM32\VERSION.dll
0x00007ff8dc810000 - 0x00007ff8dc822000 	C:\Windows\SYSTEM32\UMPDC.dll
0x00007ff8daf40000 - 0x00007ff8daf52000 	C:\Windows\SYSTEM32\kernel.appcore.dll
0x00007ff8ccf10000 - 0x00007ff8ccf1a000 	C:\Users\Brookimaki\AppData\Local\Programs\WebStorm\jbr\bin\jimage.dll
0x00007ff8d2d20000 - 0x00007ff8d2f04000 	C:\Windows\SYSTEM32\DBGHELP.DLL
0x00007ff8d2ce0000 - 0x00007ff8d2d14000 	C:\Windows\SYSTEM32\dbgcore.DLL
0x00007ff8dd980000 - 0x00007ff8dda02000 	C:\Windows\System32\bcryptPrimitives.dll
0x00007ff8cce20000 - 0x00007ff8cce45000 	C:\Users\Brookimaki\AppData\Local\Programs\WebStorm\jbr\bin\java.dll

dbghelp: loaded successfully - version: 4.0.5 - missing functions: none
symbol engine: initialized successfully - sym options: 0x614 - pdb path: .;C:\Users\Brookimaki\AppData\Local\Programs\WebStorm\jbr\bin;C:\Windows\SYSTEM32;C:\Windows\WinSxS\amd64_microsoft.windows.common-controls_6595b64144ccf1df_6.0.19041.4355_none_60b8b9eb71f62e16;C:\Users\Brookimaki\AppData\Local\Programs\WebStorm\jbr\bin\server

VM Arguments:
java_command: git4idea.http.GitAskPassApp Username for 'https://github.com': 
java_class_path (initial): C:/Users/Brookimaki/AppData/Local/Programs/WebStorm/plugins/vcs-git/lib/git4idea-rt.jar;C:/Users/Brookimaki/AppData/Local/Programs/WebStorm/lib/externalProcess-rt.jar
Launcher Type: SUN_STANDARD

[Global flags]
     intx CICompilerCount                          = 3                                         {product} {ergonomic}
     uint ConcGCThreads                            = 1                                         {product} {ergonomic}
     uint G1ConcRefinementThreads                  = 4                                         {product} {ergonomic}
   size_t G1HeapRegionSize                         = 4194304                                   {product} {ergonomic}
    uintx GCDrainStackTargetSize                   = 64                                        {product} {ergonomic}
   size_t InitialHeapSize                          = 536870912                                 {product} {ergonomic}
   size_t MarkStackSize                            = 4194304                                   {product} {ergonomic}
   size_t MaxHeapSize                              = 8577351680                                {product} {ergonomic}
   size_t MinHeapDeltaBytes                        = 4194304                                   {product} {ergonomic}
   size_t MinHeapSize                              = 8388608                                   {product} {ergonomic}
    uintx NonNMethodCodeHeapSize                   = 5832780                                {pd product} {ergonomic}
    uintx NonProfiledCodeHeapSize                  = 122912730                              {pd product} {ergonomic}
    uintx ProfiledCodeHeapSize                     = 122912730                              {pd product} {ergonomic}
    uintx ReservedCodeCacheSize                    = 251658240                              {pd product} {ergonomic}
     bool SegmentedCodeCache                       = true                                      {product} {ergonomic}
   size_t SoftMaxHeapSize                          = 8577351680                             {manageable} {ergonomic}
     bool UseCompressedClassPointers               = true                           {product lp64_product} {ergonomic}
     bool UseCompressedOops                        = true                           {product lp64_product} {ergonomic}
     bool UseG1GC                                  = true                                      {product} {ergonomic}
     bool UseLargePagesIndividualAllocation        = false                                  {pd product} {ergonomic}

Logging:
Log output configuration:
 #0: stdout all=warning uptime,level,tags
 #1: stderr all=off uptime,level,tags

Environment Variables:
PATH=C:\Program Files\Git\mingw64\libexec\git-core;C:\Program Files\Git\mingw64\libexec\git-core;C:\Program Files\Git\mingw64\bin;C:\Program Files\Git\usr\bin;C:\Users\Brookimaki\bin;C:\Program Files\Common Files\Oracle\Java\javapath;C:\Windows\system32;C:\Windows;C:\Windows\System32\Wbem;C:\Windows\System32\WindowsPowerShell\v1.0;C:\Windows\System32\OpenSSH;C:\Program Files\dotnet;C:\Program Files\Git\cmd;C:\ProgramData\chocolatey\bin;C:\Developpement\nodejs;D:\Developpement\ffmpeg\bin;C:\Program Files\Docker\Docker\resources\bin;C:\Program Files\NVIDIA Corporation\NVIDIA NvDLISR;C:\Program Files (x86)\NVIDIA Corporation\PhysX\Common;C:\Users\Brookimaki\AppData\Local\anyflip-downloader;C:\Users\Brookimaki\AppData\Local\Programs\Python\Python310\Scripts;C:\Users\Brookimaki\AppData\Local\Programs\Python\Python310;C:\Users\Brookimaki\AppData\Local\Programs\Python\Python312\Scripts;C:\Users\Brookimaki\AppData\Local\Programs\Python\Python312;C:\Users\Brookimaki\AppData\Local\Programs\Python\Launcher;C:\Users\Brookimaki\AppData\Local\Microsoft\WindowsApps;C:\Users\Brookimaki\AppData\Local\Programs\Microsoft VS Code\bin;C:\Program Files\JetBrains\IntelliJ IDEA Community Edition 2020.3.2\bin;C:\Users\Brookimaki\AppData\Local\JetBrains\Toolbox\scripts;C:\Users\Brookimaki\AppData\Roaming\npm;C:\Developpement\nodejs
USERNAME=Brookimaki
DISPLAY=:0.0
LC_ALL=en_US.UTF-8
TERM=cygwin
TMPDIR=C:\Users\BROOKI~1\AppData\Local\Temp
OS=Windows_NT
PROCESSOR_IDENTIFIER=AMD64 Family 23 Model 17 Stepping 0, AuthenticAMD
TMP=C:\Users\BROOKI~1\AppData\Local\Temp
TEMP=C:\Users\BROOKI~1\AppData\Local\Temp



Periodic native trim disabled

JNI global refs:
JNI global refs: 0, weak refs: 0

JNI global refs memory usage: 0, weak refs: 0

OOME stack traces (most recent first):
Classloader memory used:


---------------  S Y S T E M  ---------------

OS:
 Windows 10 , 64 bit Build 19041 (10.0.19041.5198)
OS uptime: 8 days 20:30 hours
Hyper-V role detected

CPU: total 4 (initial active 4) (4 cores per cpu, 1 threads per core) family 23 model 17 stepping 0 microcode 0x0, cx8, cmov, fxsr, mmx, 3dnowpref, sse, sse2, sse3, ssse3, sse4a, sse4.1, sse4.2, popcnt, lzcnt, tsc, tscinvbit, avx, avx2, aes, clmul, bmi1, bmi2, adx, sha, fma, vzeroupper, clflush, clflushopt, hv
Processor Information for all 4 processors :
  Max Mhz: 3500, Current Mhz: 3500, Mhz Limit: 3500

Memory: 4k page, system-wide physical 32710M (6365M free)
TotalPageFile size 131014M (AvailPageFile size 47M)
current process WorkingSet (physical memory assigned to process): 10M, peak: 10M
current process commit charge ("private bytes"): 52M, peak: 564M

vm_info: OpenJDK 64-Bit Server VM (17.0.10+1-b1207.14) for windows-amd64 JRE (17.0.10+1-b1207.14), built on 2024-04-05 by "builduser" with MS VC++ 16.10 / 16.11 (VS2019)

END.
